// Jest Snapshot v1, https://goo.gl/fbAQLP

exports[`The TopNavigation instance When called with default properties should render without throwing errors 1`] = `
<Fragment>
  <img
    alt="Kued Logotype"
    src="kued-logotype.png"
  />
  <nav>
    <Jss(MenuItems) />
  </nav>
</Fragment>
`;
