// Jest Snapshot v1, https://goo.gl/fbAQLP

exports[`The Home instance when called with default props should render without throwing errors 1`] = `
<div>
  Hello, World!
</div>
`;
